 
****************************************
Report : qor
Design : P4_adder_reg
Version: W-2024.09-SP2
Date   : Wed Sep  2 02:22:57 2026
****************************************


  Timing Path Group 'clk'
  -----------------------------------
  Levels of Logic:              33.00
  Critical Path Length:          1.91
  Critical Path Slack:           0.01
  Critical Path Clk Period:      2.00
  Total Negative Slack:          0.00
  No. of Violating Paths:        0.00
  Worst Hold Violation:          0.00
  Total Hold Violation:          0.00
  No. of Hold Violations:        0.00
  -----------------------------------


  Cell Count
  -----------------------------------
  Hierarchical Cell Count:          0
  Hierarchical Port Count:          0
  Leaf Cell Count:                286
  Buf/Inv Cell Count:              20
  Buf Cell Count:                   0
  Inv Cell Count:                  20
  CT Buf/Inv Cell Count:            0
  Combinational Cell Count:       188
  Sequential Cell Count:           98
  Macro Count:                      0
  -----------------------------------


  Area
  -----------------------------------
  Combinational Area:      252.966000
  Noncombinational Area:   521.360017
  Buf/Inv Area:             10.640000
  Total Buffer Area:             0.00
  Total Inverter Area:          10.64
  Macro/Black Box Area:      0.000000
  Net Area:                  0.000000
  -----------------------------------
  Cell Area:               774.326017
  Design Area:             774.326017


  Design Rules
  -----------------------------------
  Total Number of Nets:           381
  Nets With Violations:             0
  Max Trans Violations:             0
  Max Cap Violations:               0
  -----------------------------------


  Hostname: microsys.openstack.polito

  Compile CPU Statistics
  -----------------------------------------
  Resource Sharing:                    0.10
  Logic Optimization:                  0.27
  Mapping Optimization:                0.49
  -----------------------------------------
  Overall Compile Time:                4.62
  Overall Compile Wall Clock Time:     5.05

  --------------------------------------------------------------------

  Design  WNS: 0.00  TNS: 0.00  Number of Violating Paths: 0


  Design (Hold)  WNS: 0.00  TNS: 0.00  Number of Violating Paths: 0

  --------------------------------------------------------------------


1
