 
****************************************
Report : timing
        -path full
        -delay max
        -max_paths 1
Design : P4_adder_reg
Version: W-2024.09-SP2
Date   : Wed Sep  2 02:22:57 2026
****************************************

Operating Conditions: typical   Library: NangateOpenCellLibrary
Wire Load Model Mode: top

  Startpoint: reg_b_Q_reg_0_
              (rising edge-triggered flip-flop clocked by clk)
  Endpoint: reg_s_Q_reg_31_
            (rising edge-triggered flip-flop clocked by clk)
  Path Group: clk
  Path Type: max

  Des/Clust/Port     Wire Load Model       Library
  ------------------------------------------------
  P4_adder_reg       5K_hvratio_1_4        NangateOpenCellLibrary

  Point                                    Incr       Path
  -----------------------------------------------------------
  clock clk (rise edge)                    0.00       0.00
  clock network delay (ideal)              0.05       0.05
  reg_b_Q_reg_0_/CK (DFFR_X1)              0.00       0.05 r
  reg_b_Q_reg_0_/Q (DFFR_X1)               0.10       0.15 f
  U151/ZN (AND2_X1)                        0.05       0.20 f
  U152/ZN (OAI22_X1)                       0.05       0.25 r
  U154/ZN (AOI221_X1)                      0.04       0.29 f
  U156/ZN (OAI22_X2)                       0.08       0.36 r
  U128/ZN (OR2_X1)                         0.05       0.41 r
  U129/ZN (AND3_X1)                        0.05       0.46 r
  U158/ZN (OAI22_X1)                       0.03       0.49 f
  U159/ZN (AOI22_X1)                       0.10       0.59 r
  U161/ZN (OAI211_X1)                      0.05       0.64 f
  U116/ZN (INV_X1)                         0.03       0.67 r
  U163/ZN (OAI22_X1)                       0.03       0.71 f
  U164/ZN (AOI22_X1)                       0.09       0.80 r
  U115/ZN (OR2_X1)                         0.05       0.85 r
  U114/ZN (AND3_X1)                        0.05       0.90 r
  U166/ZN (OAI21_X1)                       0.03       0.93 f
  U168/ZN (NAND2_X1)                       0.03       0.96 r
  U113/ZN (AND2_X1)                        0.06       1.01 r
  U170/ZN (NOR2_X1)                        0.03       1.05 f
  U171/ZN (AOI211_X1)                      0.08       1.13 r
  U172/ZN (OAI21_X1)                       0.04       1.16 f
  U112/ZN (AOI22_X1)                       0.09       1.26 r
  U174/ZN (NOR2_X1)                        0.03       1.29 f
  U175/ZN (AOI211_X1)                      0.08       1.37 r
  U177/ZN (OAI22_X1)                       0.04       1.41 f
  U111/ZN (AOI22_X1)                       0.10       1.51 r
  U178/ZN (NOR2_X1)                        0.03       1.54 f
  U179/ZN (AOI211_X1)                      0.08       1.62 r
  U180/ZN (OAI21_X1)                       0.04       1.66 f
  U181/ZN (AOI22_X1)                       0.11       1.77 r
  U183/ZN (OR3_X1)                         0.06       1.82 r
  U186/ZN (NOR2_X1)                        0.03       1.86 f
  U187/ZN (AND2_X1)                        0.04       1.90 f
  U193/ZN (XNOR2_X1)                       0.05       1.95 f
  reg_s_Q_reg_31_/D (DFFR_X1)              0.01       1.96 f
  data arrival time                                   1.96

  clock clk (rise edge)                    2.00       2.00
  clock network delay (ideal)              0.05       2.05
  clock uncertainty                       -0.05       2.00
  reg_s_Q_reg_31_/CK (DFFR_X1)             0.00       2.00 r
  library setup time                      -0.03       1.97
  data required time                                  1.97
  -----------------------------------------------------------
  data required time                                  1.97
  data arrival time                                  -1.96
  -----------------------------------------------------------
  slack (MET)                                         0.01


1
