 
****************************************
Report : area
Design : register_file_windowed
Version: W-2024.09-SP2
Date   : Wed Sep  2 03:00:12 2026
****************************************

Library(s) Used:

    NangateOpenCellLibrary (File: /home/repository/do/libnandgate/NangateOpenCellLibrary_typical_ecsm.db)

Number of ports:                          217
Number of nets:                         39544
Number of cells:                        30806
Number of combinational cells:          21963
Number of sequential cells:              8843
Number of macros/black boxes:               0
Number of buf/inv:                        584
Number of references:                      33

Combinational area:              29205.736852
Buf/Inv area:                      590.786005
Noncombinational area:           39988.044549
Macro/Black Box area:                0.000000
Net Interconnect area:      undefined  (Wire load has zero net area)

Total cell area:                 69193.781401
Total area:                 undefined
1
